{
  "buckets": {
    "publiclogs": [
      {
        "environment": [
          "dev",
          "development",
          "devmanaged",
          "sandbox"
        ],
        "name": "kodingdev-publiclogs",
        "region": "us-east-1"
      }
    ]
  },
  "endpoints": {
    "ip": [
      {
        "environment": [
          "production",
          "managed"
        ],
        "url": "https://p.koding.com/-/ip"
      },
      {
        "environment": [
          "default"
        ],
        "url": "https://dev-p2.koding.com/-/ip"
      },
      {
        "environment": [
          "dev",
          "development",
          "devmanaged",
          "sandbox"
        ],
        "url": "https://dev-p2.koding.com/-/ip"
      }
    ],
    "ipcheck": [
      {
        "environment": [
          "production",
          "managed"
        ],
        "url": "https://p.koding.com/-/ipcheck"
      },
      {
        "environment": [
          "default"
        ],
        "url": "https://dev-p2.koding.com/-/ipcheck"
      },
      {
        "environment": [
          "dev",
          "development",
          "devmanaged",
          "sandbox"
        ],
        "url": "https://dev-p2.koding.com/-/ipcheck"
      }
    ],
    "kloud": [
      {
        "environment": [
          "dev",
          "development",
          "devmanaged",
          "sandbox"
        ],
        "url": "https://sandbox.koding.com/kloud/kite"
      }
    ],
    "kontrol": [
      {
        "environment": [
          "dev",
          "development",
          "devmanaged",
          "sandbox"
        ],
        "url": "https://sandbox.koding.com/kontrol/kite"
      }
    ],
    "tunnelserver": [
      {
        "environment": [
          "dev",
          "development",
          "devmanaged",
          "sandbox"
        ],
        "url": "http:/dev-t.koding.com/kite"
      }
    ]
  },
  "routes": {
    "dev.koding.com": "127.0.0.1"
  }
}